DEBUG    urllib3.connectionpool:connectionpool.py:243 Starting new HTTP connection (1): 127.0.0.1:8000
DEBUG    urllib3.connectionpool:connectionpool.py:243 Starting new HTTP connection (1): 127.0.0.1:8000
DEBUG    urllib3.connectionpool:connectionpool.py:243 Starting new HTTP connection (1): 127.0.0.1:8000
DEBUG    urllib3.connectionpool:connectionpool.py:243 Starting new HTTP connection (1): 127.0.0.1:8000
DEBUG    urllib3.connectionpool:connectionpool.py:243 Starting new HTTP connection (1): 127.0.0.1:8000
DEBUG    urllib3.connectionpool:connectionpool.py:243 Starting new HTTP connection (1): 127.0.0.1:8000
DEBUG    urllib3.connectionpool:connectionpool.py:243 Starting new HTTP connection (1): 127.0.0.1:8000
DEBUG    urllib3.connectionpool:connectionpool.py:243 Starting new HTTP connection (1): 127.0.0.1:8000
DEBUG    urllib3.connectionpool:connectionpool.py:546 http://127.0.0.1:8000 "GET / HTTP/11" 200 13869
DEBUG    asyncio:selector_events.py:64 Using selector: EpollSelector
